[backblue.gif]
[fade.gif]
[index.html]
[mybootheme.com/pasific/v1_0_3/assets/img/portfolio/thumbs/img-370x165-1.jpg]
[mybootheme.com/pasific/v1_0_3/assets/img/portfolio/thumbs/img-180x340-1.jpg]
[mybootheme.com/pasific/v1_0_3/assets/img/portfolio/thumbs/img-180x165-1.jpg]
[mybootheme.com/pasific/v1_0_3/assets/img/portfolio/thumbs/img-180x165-2.jpg]
[mybootheme.com/pasific/v1_0_3/assets/img/portfolio/thumbs/img-370x340-1.jpg]
[mybootheme.com/pasific/v1_0_3/assets/img/portfolio/thumbs/img-370x165-2.jpg]
[mybootheme.com/pasific/v1_0_3/assets/img/portfolio/thumbs/img-370x165-3.jpg]
[mybootheme.com/pasific/v1_0_3/assets/img/portfolio/thumbs/img-180x340-2.jpg]
[mybootheme.com/pasific/v1_0_3/assets/img/portfolio/thumbs/img-180x165-3.jpg]
[mybootheme.com/pasific/v1_0_3/assets/img/portfolio/thumbs/img-180x165-4.jpg]
[mybootheme.com/pasific/v1_0_3/assets/img/other/photo-1.jpg]
[mybootheme.com/pasific/v1_0_3/assets/img/other/photo-2.jpg]
[mybootheme.com/pasific/v1_0_3/assets/img/other/photo-3.jpg]
[mybootheme.com/pasific/v1_0_3/portfolio-masonry-1.html]
[mybootheme.com/pasific/v1_0_3/assets/img/favicon.png]
[mybootheme.com/pasific/v1_0_3/assets/img/apple-touch-icon.png]
[mybootheme.com/pasific/v1_0_3/assets/img/apple-touch-icon-72x72.png]
[mybootheme.com/pasific/v1_0_3/assets/img/apple-touch-icon-114x114.png]
[mybootheme.com/pasific/v1_0_3/assets/css/core/bootstrap.min.css]
[mybootheme.com/pasific/v1_0_3/assets/css/core/animate.min.css]
[mybootheme.com/pasific/v1_0_3/assets/css/main/main.min.css]
[mybootheme.com/pasific/v1_0_3/assets/css/magnific/magic.min.css]
[mybootheme.com/pasific/v1_0_3/assets/css/magnific/magnific-popup.css]
[mybootheme.com/pasific/v1_0_3/assets/css/magnific/magnific-popup-zoom-gallery.css]
[mybootheme.com/pasific/v1_0_3/assets/css/owl-carousel/owl.carousel.css]
[mybootheme.com/pasific/v1_0_3/assets/css/owl-carousel/owl.theme.css]
[mybootheme.com/pasific/v1_0_3/assets/css/owl-carousel/owl.transitions.css]
[mybootheme.com/pasific/v1_0_3/assets/css/color/pasific.css]
[mybootheme.com/pasific/v1_0_3/assets/css/icon/font-awesome.css]
[mybootheme.com/pasific/v1_0_3/assets/css/icon/et-line-font.css]
[mybootheme.com/pasific/v1_0_3/assets/img/other/puff.svg]
[mybootheme.com/pasific/v1_0_3/assets/img/logo/logo-default.png]
[mybootheme.com/pasific/v1_0_3/assets/img/other/img-other-3.png]
